// Jest Snapshot v1, https://goo.gl/fbAQLP

exports[`Pruebas en <MoveList/> debe de hacer match con el snapchot 1`] = `
<View
  accessible={true}
  collapsable={false}
  focusable={true}
  onClick={[Function]}
  onResponderGrant={[Function]}
  onResponderMove={[Function]}
  onResponderRelease={[Function]}
  onResponderTerminate={[Function]}
  onResponderTerminationRequest={[Function]}
  onStartShouldSetResponder={[Function]}
  style={
    Object {
      "backgroundColor": "white",
      "flexDirection": "row",
      "marginBottom": 5,
      "opacity": 1,
    }
  }
>
  <View>
    <Image
      source={
        Object {
          "uri": "https://loremflickr.com/640/480/technics",
        }
      }
      style={
        Object {
          "borderRadius": 10,
          "height": 45,
          "width": 45,
        }
      }
    />
  </View>
  <View
    style={
      Object {
        "marginLeft": 11,
      }
    }
  >
    <Text
      style={
        Object {
          "color": "#000000",
          "fontFamily": "avenir",
          "fontSize": 14,
          "fontWeight": "800",
        }
      }
    >
      Fantastic Granite Bacon
    </Text>
    <Text
      style={
        Object {
          "fontFamily": "avenir",
          "fontSize": 12,
          "fontWeight": "400",
        }
      }
    >
      9 de Diciembre, 2022
    </Text>
  </View>
  <View
    style={
      Object {
        "alignItems": "center",
        "flex": 1,
        "flexDirection": "row",
        "justifyContent": "flex-end",
      }
    }
  >
    <Text
      style={
        Array [
          Object {
            "color": "#000000",
            "fontFamily": "avenir",
            "fontSize": 16,
            "fontWeight": "800",
          },
          Object {
            "color": "#FF0000",
          },
        ]
      }
    >
      - 
    </Text>
    <Text
      style={
        Object {
          "color": "#000000",
          "fontFamily": "avenir",
          "fontSize": 16,
          "fontWeight": "800",
        }
      }
    >
      100
    </Text>
    <Text
      style={
        Object {
          "color": "#000000",
          "fontSize": 16,
          "fontWeight": "400",
          "marginLeft": 16,
          "marginRight": 5,
        }
      }
    >
       
      &gt;
       
    </Text>
  </View>
</View>
`;
